[Tue 06/10/2026  9:32:29.92] Fetching latest C4C ticket data 
C:\Users\Leo.Li\Documents\GitHub\Service-center-dashboard\.venv\Lib\site-packages\urllib3\connectionpool.py:1110: InsecureRequestWarning: Unverified HTTPS request is being made to host 'longcui-automobile-cpi-tyrbc1k7.it-cpi010-rt.cpi.cn40.apps.platform.sapcloud.cn'. Adding certificate verification is strongly advised. See: https://urllib3.readthedocs.io/en/latest/advanced-usage.html#tls-warnings
  warnings.warn(
C:\Users\Leo.Li\Documents\GitHub\Service-center-dashboard\.venv\Lib\site-packages\urllib3\connectionpool.py:1110: InsecureRequestWarning: Unverified HTTPS request is being made to host 'longcui-automobile-cpi-tyrbc1k7.it-cpi010-rt.cpi.cn40.apps.platform.sapcloud.cn'. Adding certificate verification is strongly advised. See: https://urllib3.readthedocs.io/en/latest/advanced-usage.html#tls-warnings
  warnings.warn(
C:\Users\Leo.Li\Documents\GitHub\Service-center-dashboard\.venv\Lib\site-packages\urllib3\connectionpool.py:1110: InsecureRequestWarning: Unverified HTTPS request is being made to host 'longcui-automobile-cpi-tyrbc1k7.it-cpi010-rt.cpi.cn40.apps.platform.sapcloud.cn'. Adding certificate verification is strongly advised. See: https://urllib3.readthedocs.io/en/latest/advanced-usage.html#tls-warnings
  warnings.warn(
2026-10-06 09:32:56,559 - INFO - role=43 first page rows=1000
C:\Users\Leo.Li\Documents\GitHub\Service-center-dashboard\.venv\Lib\site-packages\urllib3\connectionpool.py:1110: InsecureRequestWarning: Unverified HTTPS request is being made to host 'longcui-automobile-cpi-tyrbc1k7.it-cpi010-rt.cpi.cn40.apps.platform.sapcloud.cn'. Adding certificate verification is strongly advised. See: https://urllib3.readthedocs.io/en/latest/advanced-usage.html#tls-warnings
  warnings.warn(
C:\Users\Leo.Li\Documents\GitHub\Service-center-dashboard\.venv\Lib\site-packages\urllib3\connectionpool.py:1110: InsecureRequestWarning: Unverified HTTPS request is being made to host 'longcui-automobile-cpi-tyrbc1k7.it-cpi010-rt.cpi.cn40.apps.platform.sapcloud.cn'. Adding certificate verification is strongly advised. See: https://urllib3.readthedocs.io/en/latest/advanced-usage.html#tls-warnings
  warnings.warn(
C:\Users\Leo.Li\Documents\GitHub\Service-center-dashboard\.venv\Lib\site-packages\urllib3\connectionpool.py:1110: InsecureRequestWarning: Unverified HTTPS request is being made to host 'longcui-automobile-cpi-tyrbc1k7.it-cpi010-rt.cpi.cn40.apps.platform.sapcloud.cn'. Adding certificate verification is strongly advised. See: https://urllib3.readthedocs.io/en/latest/advanced-usage.html#tls-warnings
  warnings.warn(
C:\Users\Leo.Li\Documents\GitHub\Service-center-dashboard\.venv\Lib\site-packages\urllib3\connectionpool.py:1110: InsecureRequestWarning: Unverified HTTPS request is being made to host 'longcui-automobile-cpi-tyrbc1k7.it-cpi010-rt.cpi.cn40.apps.platform.sapcloud.cn'. Adding certificate verification is strongly advised. See: https://urllib3.readthedocs.io/en/latest/advanced-usage.html#tls-warnings
  warnings.warn(
C:\Users\Leo.Li\Documents\GitHub\Service-center-dashboard\.venv\Lib\site-packages\urllib3\connectionpool.py:1110: InsecureRequestWarning: Unverified HTTPS request is being made to host 'longcui-automobile-cpi-tyrbc1k7.it-cpi010-rt.cpi.cn40.apps.platform.sapcloud.cn'. Adding certificate verification is strongly advised. See: https://urllib3.readthedocs.io/en/latest/advanced-usage.html#tls-warnings
  warnings.warn(
C:\Users\Leo.Li\Documents\GitHub\Service-center-dashboard\.venv\Lib\site-packages\urllib3\connectionpool.py:1110: InsecureRequestWarning: Unverified HTTPS request is being made to host 'longcui-automobile-cpi-tyrbc1k7.it-cpi010-rt.cpi.cn40.apps.platform.sapcloud.cn'. Adding certificate verification is strongly advised. See: https://urllib3.readthedocs.io/en/latest/advanced-usage.html#tls-warnings
  warnings.warn(
C:\Users\Leo.Li\Documents\GitHub\Service-center-dashboard\.venv\Lib\site-packages\urllib3\connectionpool.py:1110: InsecureRequestWarning: Unverified HTTPS request is being made to host 'longcui-automobile-cpi-tyrbc1k7.it-cpi010-rt.cpi.cn40.apps.platform.sapcloud.cn'. Adding certificate verification is strongly advised. See: https://urllib3.readthedocs.io/en/latest/advanced-usage.html#tls-warnings
  warnings.warn(
C:\Users\Leo.Li\Documents\GitHub\Service-center-dashboard\.venv\Lib\site-packages\urllib3\connectionpool.py:1110: InsecureRequestWarning: Unverified HTTPS request is being made to host 'longcui-automobile-cpi-tyrbc1k7.it-cpi010-rt.cpi.cn40.apps.platform.sapcloud.cn'. Adding certificate verification is strongly advised. See: https://urllib3.readthedocs.io/en/latest/advanced-usage.html#tls-warnings
  warnings.warn(
C:\Users\Leo.Li\Documents\GitHub\Service-center-dashboard\.venv\Lib\site-packages\urllib3\connectionpool.py:1110: InsecureRequestWarning: Unverified HTTPS request is being made to host 'longcui-automobile-cpi-tyrbc1k7.it-cpi010-rt.cpi.cn40.apps.platform.sapcloud.cn'. Adding certificate verification is strongly advised. See: https://urllib3.readthedocs.io/en/latest/advanced-usage.html#tls-warnings
  warnings.warn(
C:\Users\Leo.Li\Documents\GitHub\Service-center-dashboard\.venv\Lib\site-packages\urllib3\connectionpool.py:1110: InsecureRequestWarning: Unverified HTTPS request is being made to host 'longcui-automobile-cpi-tyrbc1k7.it-cpi010-rt.cpi.cn40.apps.platform.sapcloud.cn'. Adding certificate verification is strongly advised. See: https://urllib3.readthedocs.io/en/latest/advanced-usage.html#tls-warnings
  warnings.warn(
C:\Users\Leo.Li\Documents\GitHub\Service-center-dashboard\.venv\Lib\site-packages\urllib3\connectionpool.py:1110: InsecureRequestWarning: Unverified HTTPS request is being made to host 'longcui-automobile-cpi-tyrbc1k7.it-cpi010-rt.cpi.cn40.apps.platform.sapcloud.cn'. Adding certificate verification is strongly advised. See: https://urllib3.readthedocs.io/en/latest/advanced-usage.html#tls-warnings
  warnings.warn(
C:\Users\Leo.Li\Documents\GitHub\Service-center-dashboard\.venv\Lib\site-packages\urllib3\connectionpool.py:1110: InsecureRequestWarning: Unverified HTTPS request is being made to host 'longcui-automobile-cpi-tyrbc1k7.it-cpi010-rt.cpi.cn40.apps.platform.sapcloud.cn'. Adding certificate verification is strongly advised. See: https://urllib3.readthedocs.io/en/latest/advanced-usage.html#tls-warnings
  warnings.warn(
2026-10-06 09:33:02,491 - INFO - role=40 first page rows=1000
C:\Users\Leo.Li\Documents\GitHub\Service-center-dashboard\.venv\Lib\site-packages\urllib3\connectionpool.py:1110: InsecureRequestWarning: Unverified HTTPS request is being made to host 'longcui-automobile-cpi-tyrbc1k7.it-cpi010-rt.cpi.cn40.apps.platform.sapcloud.cn'. Adding certificate verification is strongly advised. See: https://urllib3.readthedocs.io/en/latest/advanced-usage.html#tls-warnings
  warnings.warn(
C:\Users\Leo.Li\Documents\GitHub\Service-center-dashboard\.venv\Lib\site-packages\urllib3\connectionpool.py:1110: InsecureRequestWarning: Unverified HTTPS request is being made to host 'longcui-automobile-cpi-tyrbc1k7.it-cpi010-rt.cpi.cn40.apps.platform.sapcloud.cn'. Adding certificate verification is strongly advised. See: https://urllib3.readthedocs.io/en/latest/advanced-usage.html#tls-warnings
  warnings.warn(
C:\Users\Leo.Li\Documents\GitHub\Service-center-dashboard\.venv\Lib\site-packages\urllib3\connectionpool.py:1110: InsecureRequestWarning: Unverified HTTPS request is being made to host 'longcui-automobile-cpi-tyrbc1k7.it-cpi010-rt.cpi.cn40.apps.platform.sapcloud.cn'. Adding certificate verification is strongly advised. See: https://urllib3.readthedocs.io/en/latest/advanced-usage.html#tls-warnings
  warnings.warn(
C:\Users\Leo.Li\Documents\GitHub\Service-center-dashboard\.venv\Lib\site-packages\urllib3\connectionpool.py:1110: InsecureRequestWarning: Unverified HTTPS request is being made to host 'longcui-automobile-cpi-tyrbc1k7.it-cpi010-rt.cpi.cn40.apps.platform.sapcloud.cn'. Adding certificate verification is strongly advised. See: https://urllib3.readthedocs.io/en/latest/advanced-usage.html#tls-warnings
  warnings.warn(
C:\Users\Leo.Li\Documents\GitHub\Service-center-dashboard\.venv\Lib\site-packages\urllib3\connectionpool.py:1110: InsecureRequestWarning: Unverified HTTPS request is being made to host 'longcui-automobile-cpi-tyrbc1k7.it-cpi010-rt.cpi.cn40.apps.platform.sapcloud.cn'. Adding certificate verification is strongly advised. See: https://urllib3.readthedocs.io/en/latest/advanced-usage.html#tls-warnings
  warnings.warn(
C:\Users\Leo.Li\Documents\GitHub\Service-center-dashboard\.venv\Lib\site-packages\urllib3\connectionpool.py:1110: InsecureRequestWarning: Unverified HTTPS request is being made to host 'longcui-automobile-cpi-tyrbc1k7.it-cpi010-rt.cpi.cn40.apps.platform.sapcloud.cn'. Adding certificate verification is strongly advised. See: https://urllib3.readthedocs.io/en/latest/advanced-usage.html#tls-warnings
  warnings.warn(
C:\Users\Leo.Li\Documents\GitHub\Service-center-dashboard\.venv\Lib\site-packages\urllib3\connectionpool.py:1110: InsecureRequestWarning: Unverified HTTPS request is being made to host 'longcui-automobile-cpi-tyrbc1k7.it-cpi010-rt.cpi.cn40.apps.platform.sapcloud.cn'. Adding certificate verification is strongly advised. See: https://urllib3.readthedocs.io/en/latest/advanced-usage.html#tls-warnings
  warnings.warn(
C:\Users\Leo.Li\Documents\GitHub\Service-center-dashboard\.venv\Lib\site-packages\urllib3\connectionpool.py:1110: InsecureRequestWarning: Unverified HTTPS request is being made to host 'longcui-automobile-cpi-tyrbc1k7.it-cpi010-rt.cpi.cn40.apps.platform.sapcloud.cn'. Adding certificate verification is strongly advised. See: https://urllib3.readthedocs.io/en/latest/advanced-usage.html#tls-warnings
  warnings.warn(
C:\Users\Leo.Li\Documents\GitHub\Service-center-dashboard\.venv\Lib\site-packages\urllib3\connectionpool.py:1110: InsecureRequestWarning: Unverified HTTPS request is being made to host 'longcui-automobile-cpi-tyrbc1k7.it-cpi010-rt.cpi.cn40.apps.platform.sapcloud.cn'. Adding certificate verification is strongly advised. See: https://urllib3.readthedocs.io/en/latest/advanced-usage.html#tls-warnings
  warnings.warn(
C:\Users\Leo.Li\Documents\GitHub\Service-center-dashboard\.venv\Lib\site-packages\urllib3\connectionpool.py:1110: InsecureRequestWarning: Unverified HTTPS request is being made to host 'longcui-automobile-cpi-tyrbc1k7.it-cpi010-rt.cpi.cn40.apps.platform.sapcloud.cn'. Adding certificate verification is strongly advised. See: https://urllib3.readthedocs.io/en/latest/advanced-usage.html#tls-warnings
  warnings.warn(
C:\Users\Leo.Li\Documents\GitHub\Service-center-dashboard\.venv\Lib\site-packages\urllib3\connectionpool.py:1110: InsecureRequestWarning: Unverified HTTPS request is being made to host 'longcui-automobile-cpi-tyrbc1k7.it-cpi010-rt.cpi.cn40.apps.platform.sapcloud.cn'. Adding certificate verification is strongly advised. See: https://urllib3.readthedocs.io/en/latest/advanced-usage.html#tls-warnings
  warnings.warn(
C:\Users\Leo.Li\Documents\GitHub\Service-center-dashboard\.venv\Lib\site-packages\urllib3\connectionpool.py:1110: InsecureRequestWarning: Unverified HTTPS request is being made to host 'longcui-automobile-cpi-tyrbc1k7.it-cpi010-rt.cpi.cn40.apps.platform.sapcloud.cn'. Adding certificate verification is strongly advised. See: https://urllib3.readthedocs.io/en/latest/advanced-usage.html#tls-warnings
  warnings.warn(
2026-10-06 09:33:05,935 - INFO - role=1001 first page rows=1000
C:\Users\Leo.Li\Documents\GitHub\Service-center-dashboard\.venv\Lib\site-packages\urllib3\connectionpool.py:1110: InsecureRequestWarning: Unverified HTTPS request is being made to host 'longcui-automobile-cpi-tyrbc1k7.it-cpi010-rt.cpi.cn40.apps.platform.sapcloud.cn'. Adding certificate verification is strongly advised. See: https://urllib3.readthedocs.io/en/latest/advanced-usage.html#tls-warnings
  warnings.warn(
C:\Users\Leo.Li\Documents\GitHub\Service-center-dashboard\.venv\Lib\site-packages\urllib3\connectionpool.py:1110: InsecureRequestWarning: Unverified HTTPS request is being made to host 'longcui-automobile-cpi-tyrbc1k7.it-cpi010-rt.cpi.cn40.apps.platform.sapcloud.cn'. Adding certificate verification is strongly advised. See: https://urllib3.readthedocs.io/en/latest/advanced-usage.html#tls-warnings
  warnings.warn(
C:\Users\Leo.Li\Documents\GitHub\Service-center-dashboard\.venv\Lib\site-packages\urllib3\connectionpool.py:1110: InsecureRequestWarning: Unverified HTTPS request is being made to host 'longcui-automobile-cpi-tyrbc1k7.it-cpi010-rt.cpi.cn40.apps.platform.sapcloud.cn'. Adding certificate verification is strongly advised. See: https://urllib3.readthedocs.io/en/latest/advanced-usage.html#tls-warnings
  warnings.warn(
C:\Users\Leo.Li\Documents\GitHub\Service-center-dashboard\.venv\Lib\site-packages\urllib3\connectionpool.py:1110: InsecureRequestWarning: Unverified HTTPS request is being made to host 'longcui-automobile-cpi-tyrbc1k7.it-cpi010-rt.cpi.cn40.apps.platform.sapcloud.cn'. Adding certificate verification is strongly advised. See: https://urllib3.readthedocs.io/en/latest/advanced-usage.html#tls-warnings
  warnings.warn(
C:\Users\Leo.Li\Documents\GitHub\Service-center-dashboard\.venv\Lib\site-packages\urllib3\connectionpool.py:1110: InsecureRequestWarning: Unverified HTTPS request is being made to host 'longcui-automobile-cpi-tyrbc1k7.it-cpi010-rt.cpi.cn40.apps.platform.sapcloud.cn'. Adding certificate verification is strongly advised. See: https://urllib3.readthedocs.io/en/latest/advanced-usage.html#tls-warnings
  warnings.warn(
C:\Users\Leo.Li\Documents\GitHub\Service-center-dashboard\.venv\Lib\site-packages\urllib3\connectionpool.py:1110: InsecureRequestWarning: Unverified HTTPS request is being made to host 'longcui-automobile-cpi-tyrbc1k7.it-cpi010-rt.cpi.cn40.apps.platform.sapcloud.cn'. Adding certificate verification is strongly advised. See: https://urllib3.readthedocs.io/en/latest/advanced-usage.html#tls-warnings
  warnings.warn(
C:\Users\Leo.Li\Documents\GitHub\Service-center-dashboard\.venv\Lib\site-packages\urllib3\connectionpool.py:1110: InsecureRequestWarning: Unverified HTTPS request is being made to host 'longcui-automobile-cpi-tyrbc1k7.it-cpi010-rt.cpi.cn40.apps.platform.sapcloud.cn'. Adding certificate verification is strongly advised. See: https://urllib3.readthedocs.io/en/latest/advanced-usage.html#tls-warnings
  warnings.warn(
C:\Users\Leo.Li\Documents\GitHub\Service-center-dashboard\.venv\Lib\site-packages\urllib3\connectionpool.py:1110: InsecureRequestWarning: Unverified HTTPS request is being made to host 'longcui-automobile-cpi-tyrbc1k7.it-cpi010-rt.cpi.cn40.apps.platform.sapcloud.cn'. Adding certificate verification is strongly advised. See: https://urllib3.readthedocs.io/en/latest/advanced-usage.html#tls-warnings
  warnings.warn(
C:\Users\Leo.Li\Documents\GitHub\Service-center-dashboard\.venv\Lib\site-packages\urllib3\connectionpool.py:1110: InsecureRequestWarning: Unverified HTTPS request is being made to host 'longcui-automobile-cpi-tyrbc1k7.it-cpi010-rt.cpi.cn40.apps.platform.sapcloud.cn'. Adding certificate verification is strongly advised. See: https://urllib3.readthedocs.io/en/latest/advanced-usage.html#tls-warnings
  warnings.warn(
C:\Users\Leo.Li\Documents\GitHub\Service-center-dashboard\.venv\Lib\site-packages\urllib3\connectionpool.py:1110: InsecureRequestWarning: Unverified HTTPS request is being made to host 'longcui-automobile-cpi-tyrbc1k7.it-cpi010-rt.cpi.cn40.apps.platform.sapcloud.cn'. Adding certificate verification is strongly advised. See: https://urllib3.readthedocs.io/en/latest/advanced-usage.html#tls-warnings
  warnings.warn(
C:\Users\Leo.Li\Documents\GitHub\Service-center-dashboard\.venv\Lib\site-packages\urllib3\connectionpool.py:1110: InsecureRequestWarning: Unverified HTTPS request is being made to host 'longcui-automobile-cpi-tyrbc1k7.it-cpi010-rt.cpi.cn40.apps.platform.sapcloud.cn'. Adding certificate verification is strongly advised. See: https://urllib3.readthedocs.io/en/latest/advanced-usage.html#tls-warnings
  warnings.warn(
C:\Users\Leo.Li\Documents\GitHub\Service-center-dashboard\.venv\Lib\site-packages\urllib3\connectionpool.py:1110: InsecureRequestWarning: Unverified HTTPS request is being made to host 'longcui-automobile-cpi-tyrbc1k7.it-cpi010-rt.cpi.cn40.apps.platform.sapcloud.cn'. Adding certificate verification is strongly advised. See: https://urllib3.readthedocs.io/en/latest/advanced-usage.html#tls-warnings
  warnings.warn(
C:\Users\Leo.Li\Documents\GitHub\Service-center-dashboard\.venv\Lib\site-packages\urllib3\connectionpool.py:1110: InsecureRequestWarning: Unverified HTTPS request is being made to host 'longcui-automobile-cpi-tyrbc1k7.it-cpi010-rt.cpi.cn40.apps.platform.sapcloud.cn'. Adding certificate verification is strongly advised. See: https://urllib3.readthedocs.io/en/latest/advanced-usage.html#tls-warnings
  warnings.warn(
2026-10-06 09:33:23,308 - INFO - role=43 skip=10000 rows=1000
C:\Users\Leo.Li\Documents\GitHub\Service-center-dashboard\.venv\Lib\site-packages\urllib3\connectionpool.py:1110: InsecureRequestWarning: Unverified HTTPS request is being made to host 'longcui-automobile-cpi-tyrbc1k7.it-cpi010-rt.cpi.cn40.apps.platform.sapcloud.cn'. Adding certificate verification is strongly advised. See: https://urllib3.readthedocs.io/en/latest/advanced-usage.html#tls-warnings
  warnings.warn(
2026-10-06 09:33:23,345 - INFO - role=43 skip=1000 rows=1000
C:\Users\Leo.Li\Documents\GitHub\Service-center-dashboard\.venv\Lib\site-packages\urllib3\connectionpool.py:1110: InsecureRequestWarning: Unverified HTTPS request is being made to host 'longcui-automobile-cpi-tyrbc1k7.it-cpi010-rt.cpi.cn40.apps.platform.sapcloud.cn'. Adding certificate verification is strongly advised. See: https://urllib3.readthedocs.io/en/latest/advanced-usage.html#tls-warnings
  warnings.warn(
2026-10-06 09:33:23,431 - INFO - role=43 skip=9000 rows=1000
2026-10-06 09:33:23,831 - INFO - role=43 skip=4000 rows=1000
C:\Users\Leo.Li\Documents\GitHub\Service-center-dashboard\.venv\Lib\site-packages\urllib3\connectionpool.py:1110: InsecureRequestWarning: Unverified HTTPS request is being made to host 'longcui-automobile-cpi-tyrbc1k7.it-cpi010-rt.cpi.cn40.apps.platform.sapcloud.cn'. Adding certificate verification is strongly advised. See: https://urllib3.readthedocs.io/en/latest/advanced-usage.html#tls-warnings
  warnings.warn(
2026-10-06 09:33:24,254 - INFO - role=43 skip=7000 rows=1000
C:\Users\Leo.Li\Documents\GitHub\Service-center-dashboard\.venv\Lib\site-packages\urllib3\connectionpool.py:1110: InsecureRequestWarning: Unverified HTTPS request is being made to host 'longcui-automobile-cpi-tyrbc1k7.it-cpi010-rt.cpi.cn40.apps.platform.sapcloud.cn'. Adding certificate verification is strongly advised. See: https://urllib3.readthedocs.io/en/latest/advanced-usage.html#tls-warnings
  warnings.warn(
C:\Users\Leo.Li\Documents\GitHub\Service-center-dashboard\.venv\Lib\site-packages\urllib3\connectionpool.py:1110: InsecureRequestWarning: Unverified HTTPS request is being made to host 'longcui-automobile-cpi-tyrbc1k7.it-cpi010-rt.cpi.cn40.apps.platform.sapcloud.cn'. Adding certificate verification is strongly advised. See: https://urllib3.readthedocs.io/en/latest/advanced-usage.html#tls-warnings
  warnings.warn(
2026-10-06 09:33:24,403 - INFO - role=43 skip=12000 rows=1000
C:\Users\Leo.Li\Documents\GitHub\Service-center-dashboard\.venv\Lib\site-packages\urllib3\connectionpool.py:1110: InsecureRequestWarning: Unverified HTTPS request is being made to host 'longcui-automobile-cpi-tyrbc1k7.it-cpi010-rt.cpi.cn40.apps.platform.sapcloud.cn'. Adding certificate verification is strongly advised. See: https://urllib3.readthedocs.io/en/latest/advanced-usage.html#tls-warnings
  warnings.warn(
2026-10-06 09:33:24,904 - INFO - role=43 skip=3000 rows=1000
2026-10-06 09:33:25,037 - INFO - role=43 skip=8000 rows=1000
C:\Users\Leo.Li\Documents\GitHub\Service-center-dashboard\.venv\Lib\site-packages\urllib3\connectionpool.py:1110: InsecureRequestWarning: Unverified HTTPS request is being made to host 'longcui-automobile-cpi-tyrbc1k7.it-cpi010-rt.cpi.cn40.apps.platform.sapcloud.cn'. Adding certificate verification is strongly advised. See: https://urllib3.readthedocs.io/en/latest/advanced-usage.html#tls-warnings
  warnings.warn(
2026-10-06 09:33:25,149 - INFO - role=43 skip=11000 rows=1000
C:\Users\Leo.Li\Documents\GitHub\Service-center-dashboard\.venv\Lib\site-packages\urllib3\connectionpool.py:1110: InsecureRequestWarning: Unverified HTTPS request is being made to host 'longcui-automobile-cpi-tyrbc1k7.it-cpi010-rt.cpi.cn40.apps.platform.sapcloud.cn'. Adding certificate verification is strongly advised. See: https://urllib3.readthedocs.io/en/latest/advanced-usage.html#tls-warnings
  warnings.warn(
C:\Users\Leo.Li\Documents\GitHub\Service-center-dashboard\.venv\Lib\site-packages\urllib3\connectionpool.py:1110: InsecureRequestWarning: Unverified HTTPS request is being made to host 'longcui-automobile-cpi-tyrbc1k7.it-cpi010-rt.cpi.cn40.apps.platform.sapcloud.cn'. Adding certificate verification is strongly advised. See: https://urllib3.readthedocs.io/en/latest/advanced-usage.html#tls-warnings
  warnings.warn(
2026-10-06 09:33:25,418 - INFO - role=43 skip=5000 rows=1000
2026-10-06 09:33:25,502 - INFO - role=43 skip=6000 rows=1000
C:\Users\Leo.Li\Documents\GitHub\Service-center-dashboard\.venv\Lib\site-packages\urllib3\connectionpool.py:1110: InsecureRequestWarning: Unverified HTTPS request is being made to host 'longcui-automobile-cpi-tyrbc1k7.it-cpi010-rt.cpi.cn40.apps.platform.sapcloud.cn'. Adding certificate verification is strongly advised. See: https://urllib3.readthedocs.io/en/latest/advanced-usage.html#tls-warnings
  warnings.warn(
2026-10-06 09:33:25,886 - INFO - role=43 skip=2000 rows=1000
C:\Users\Leo.Li\Documents\GitHub\Service-center-dashboard\.venv\Lib\site-packages\urllib3\connectionpool.py:1110: InsecureRequestWarning: Unverified HTTPS request is being made to host 'longcui-automobile-cpi-tyrbc1k7.it-cpi010-rt.cpi.cn40.apps.platform.sapcloud.cn'. Adding certificate verification is strongly advised. See: https://urllib3.readthedocs.io/en/latest/advanced-usage.html#tls-warnings
  warnings.warn(
C:\Users\Leo.Li\Documents\GitHub\Service-center-dashboard\.venv\Lib\site-packages\urllib3\connectionpool.py:1110: InsecureRequestWarning: Unverified HTTPS request is being made to host 'longcui-automobile-cpi-tyrbc1k7.it-cpi010-rt.cpi.cn40.apps.platform.sapcloud.cn'. Adding certificate verification is strongly advised. See: https://urllib3.readthedocs.io/en/latest/advanced-usage.html#tls-warnings
  warnings.warn(
2026-10-06 09:33:36,312 - INFO - role=40 skip=11000 rows=1000
2026-10-06 09:33:37,250 - INFO - role=40 skip=12000 rows=1000
C:\Users\Leo.Li\Documents\GitHub\Service-center-dashboard\.venv\Lib\site-packages\urllib3\connectionpool.py:1110: InsecureRequestWarning: Unverified HTTPS request is being made to host 'longcui-automobile-cpi-tyrbc1k7.it-cpi010-rt.cpi.cn40.apps.platform.sapcloud.cn'. Adding certificate verification is strongly advised. See: https://urllib3.readthedocs.io/en/latest/advanced-usage.html#tls-warnings
  warnings.warn(
C:\Users\Leo.Li\Documents\GitHub\Service-center-dashboard\.venv\Lib\site-packages\urllib3\connectionpool.py:1110: InsecureRequestWarning: Unverified HTTPS request is being made to host 'longcui-automobile-cpi-tyrbc1k7.it-cpi010-rt.cpi.cn40.apps.platform.sapcloud.cn'. Adding certificate verification is strongly advised. See: https://urllib3.readthedocs.io/en/latest/advanced-usage.html#tls-warnings
  warnings.warn(
2026-10-06 09:33:37,330 - INFO - role=40 skip=1000 rows=1000
C:\Users\Leo.Li\Documents\GitHub\Service-center-dashboard\.venv\Lib\site-packages\urllib3\connectionpool.py:1110: InsecureRequestWarning: Unverified HTTPS request is being made to host 'longcui-automobile-cpi-tyrbc1k7.it-cpi010-rt.cpi.cn40.apps.platform.sapcloud.cn'. Adding certificate verification is strongly advised. See: https://urllib3.readthedocs.io/en/latest/advanced-usage.html#tls-warnings
  warnings.warn(
2026-10-06 09:33:37,394 - INFO - role=40 skip=8000 rows=1000
C:\Users\Leo.Li\Documents\GitHub\Service-center-dashboard\.venv\Lib\site-packages\urllib3\connectionpool.py:1110: InsecureRequestWarning: Unverified HTTPS request is being made to host 'longcui-automobile-cpi-tyrbc1k7.it-cpi010-rt.cpi.cn40.apps.platform.sapcloud.cn'. Adding certificate verification is strongly advised. See: https://urllib3.readthedocs.io/en/latest/advanced-usage.html#tls-warnings
  warnings.warn(
2026-10-06 09:33:37,494 - INFO - role=40 skip=5000 rows=1000
C:\Users\Leo.Li\Documents\GitHub\Service-center-dashboard\.venv\Lib\site-packages\urllib3\connectionpool.py:1110: InsecureRequestWarning: Unverified HTTPS request is being made to host 'longcui-automobile-cpi-tyrbc1k7.it-cpi010-rt.cpi.cn40.apps.platform.sapcloud.cn'. Adding certificate verification is strongly advised. See: https://urllib3.readthedocs.io/en/latest/advanced-usage.html#tls-warnings
  warnings.warn(
2026-10-06 09:33:37,636 - INFO - role=40 skip=3000 rows=1000
C:\Users\Leo.Li\Documents\GitHub\Service-center-dashboard\.venv\Lib\site-packages\urllib3\connectionpool.py:1110: InsecureRequestWarning: Unverified HTTPS request is being made to host 'longcui-automobile-cpi-tyrbc1k7.it-cpi010-rt.cpi.cn40.apps.platform.sapcloud.cn'. Adding certificate verification is strongly advised. See: https://urllib3.readthedocs.io/en/latest/advanced-usage.html#tls-warnings
  warnings.warn(
2026-10-06 09:33:37,845 - INFO - role=40 skip=4000 rows=1000
2026-10-06 09:33:37,915 - INFO - role=40 skip=10000 rows=1000
C:\Users\Leo.Li\Documents\GitHub\Service-center-dashboard\.venv\Lib\site-packages\urllib3\connectionpool.py:1110: InsecureRequestWarning: Unverified HTTPS request is being made to host 'longcui-automobile-cpi-tyrbc1k7.it-cpi010-rt.cpi.cn40.apps.platform.sapcloud.cn'. Adding certificate verification is strongly advised. See: https://urllib3.readthedocs.io/en/latest/advanced-usage.html#tls-warnings
  warnings.warn(
2026-10-06 09:33:38,659 - INFO - role=40 skip=9000 rows=1000
C:\Users\Leo.Li\Documents\GitHub\Service-center-dashboard\.venv\Lib\site-packages\urllib3\connectionpool.py:1110: InsecureRequestWarning: Unverified HTTPS request is being made to host 'longcui-automobile-cpi-tyrbc1k7.it-cpi010-rt.cpi.cn40.apps.platform.sapcloud.cn'. Adding certificate verification is strongly advised. See: https://urllib3.readthedocs.io/en/latest/advanced-usage.html#tls-warnings
  warnings.warn(
2026-10-06 09:33:38,766 - INFO - role=40 skip=2000 rows=1000
C:\Users\Leo.Li\Documents\GitHub\Service-center-dashboard\.venv\Lib\site-packages\urllib3\connectionpool.py:1110: InsecureRequestWarning: Unverified HTTPS request is being made to host 'longcui-automobile-cpi-tyrbc1k7.it-cpi010-rt.cpi.cn40.apps.platform.sapcloud.cn'. Adding certificate verification is strongly advised. See: https://urllib3.readthedocs.io/en/latest/advanced-usage.html#tls-warnings
  warnings.warn(
C:\Users\Leo.Li\Documents\GitHub\Service-center-dashboard\.venv\Lib\site-packages\urllib3\connectionpool.py:1110: InsecureRequestWarning: Unverified HTTPS request is being made to host 'longcui-automobile-cpi-tyrbc1k7.it-cpi010-rt.cpi.cn40.apps.platform.sapcloud.cn'. Adding certificate verification is strongly advised. See: https://urllib3.readthedocs.io/en/latest/advanced-usage.html#tls-warnings
  warnings.warn(
2026-10-06 09:33:39,079 - INFO - role=40 skip=7000 rows=1000
C:\Users\Leo.Li\Documents\GitHub\Service-center-dashboard\.venv\Lib\site-packages\urllib3\connectionpool.py:1110: InsecureRequestWarning: Unverified HTTPS request is being made to host 'longcui-automobile-cpi-tyrbc1k7.it-cpi010-rt.cpi.cn40.apps.platform.sapcloud.cn'. Adding certificate verification is strongly advised. See: https://urllib3.readthedocs.io/en/latest/advanced-usage.html#tls-warnings
  warnings.warn(
2026-10-06 09:33:39,624 - INFO - role=40 skip=6000 rows=1000
2026-10-06 09:33:43,423 - INFO - role=1001 skip=4000 rows=1000
C:\Users\Leo.Li\Documents\GitHub\Service-center-dashboard\.venv\Lib\site-packages\urllib3\connectionpool.py:1110: InsecureRequestWarning: Unverified HTTPS request is being made to host 'longcui-automobile-cpi-tyrbc1k7.it-cpi010-rt.cpi.cn40.apps.platform.sapcloud.cn'. Adding certificate verification is strongly advised. See: https://urllib3.readthedocs.io/en/latest/advanced-usage.html#tls-warnings
  warnings.warn(
C:\Users\Leo.Li\Documents\GitHub\Service-center-dashboard\.venv\Lib\site-packages\urllib3\connectionpool.py:1110: InsecureRequestWarning: Unverified HTTPS request is being made to host 'longcui-automobile-cpi-tyrbc1k7.it-cpi010-rt.cpi.cn40.apps.platform.sapcloud.cn'. Adding certificate verification is strongly advised. See: https://urllib3.readthedocs.io/en/latest/advanced-usage.html#tls-warnings
  warnings.warn(
2026-10-06 09:33:43,663 - INFO - role=1001 skip=8000 rows=1000
C:\Users\Leo.Li\Documents\GitHub\Service-center-dashboard\.venv\Lib\site-packages\urllib3\connectionpool.py:1110: InsecureRequestWarning: Unverified HTTPS request is being made to host 'longcui-automobile-cpi-tyrbc1k7.it-cpi010-rt.cpi.cn40.apps.platform.sapcloud.cn'. Adding certificate verification is strongly advised. See: https://urllib3.readthedocs.io/en/latest/advanced-usage.html#tls-warnings
  warnings.warn(
2026-10-06 09:33:43,952 - INFO - role=1001 skip=1000 rows=1000
C:\Users\Leo.Li\Documents\GitHub\Service-center-dashboard\.venv\Lib\site-packages\urllib3\connectionpool.py:1110: InsecureRequestWarning: Unverified HTTPS request is being made to host 'longcui-automobile-cpi-tyrbc1k7.it-cpi010-rt.cpi.cn40.apps.platform.sapcloud.cn'. Adding certificate verification is strongly advised. See: https://urllib3.readthedocs.io/en/latest/advanced-usage.html#tls-warnings
  warnings.warn(
2026-10-06 09:33:44,322 - INFO - role=1001 skip=3000 rows=1000
C:\Users\Leo.Li\Documents\GitHub\Service-center-dashboard\.venv\Lib\site-packages\urllib3\connectionpool.py:1110: InsecureRequestWarning: Unverified HTTPS request is being made to host 'longcui-automobile-cpi-tyrbc1k7.it-cpi010-rt.cpi.cn40.apps.platform.sapcloud.cn'. Adding certificate verification is strongly advised. See: https://urllib3.readthedocs.io/en/latest/advanced-usage.html#tls-warnings
  warnings.warn(
2026-10-06 09:33:44,753 - INFO - role=1001 skip=5000 rows=1000
C:\Users\Leo.Li\Documents\GitHub\Service-center-dashboard\.venv\Lib\site-packages\urllib3\connectionpool.py:1110: InsecureRequestWarning: Unverified HTTPS request is being made to host 'longcui-automobile-cpi-tyrbc1k7.it-cpi010-rt.cpi.cn40.apps.platform.sapcloud.cn'. Adding certificate verification is strongly advised. See: https://urllib3.readthedocs.io/en/latest/advanced-usage.html#tls-warnings
  warnings.warn(
2026-10-06 09:33:45,042 - INFO - role=1001 skip=6000 rows=1000
C:\Users\Leo.Li\Documents\GitHub\Service-center-dashboard\.venv\Lib\site-packages\urllib3\connectionpool.py:1110: InsecureRequestWarning: Unverified HTTPS request is being made to host 'longcui-automobile-cpi-tyrbc1k7.it-cpi010-rt.cpi.cn40.apps.platform.sapcloud.cn'. Adding certificate verification is strongly advised. See: https://urllib3.readthedocs.io/en/latest/advanced-usage.html#tls-warnings
  warnings.warn(
2026-10-06 09:33:45,236 - INFO - role=1001 skip=2000 rows=1000
2026-10-06 09:33:45,351 - INFO - role=1001 skip=9000 rows=1000
C:\Users\Leo.Li\Documents\GitHub\Service-center-dashboard\.venv\Lib\site-packages\urllib3\connectionpool.py:1110: InsecureRequestWarning: Unverified HTTPS request is being made to host 'longcui-automobile-cpi-tyrbc1k7.it-cpi010-rt.cpi.cn40.apps.platform.sapcloud.cn'. Adding certificate verification is strongly advised. See: https://urllib3.readthedocs.io/en/latest/advanced-usage.html#tls-warnings
  warnings.warn(
C:\Users\Leo.Li\Documents\GitHub\Service-center-dashboard\.venv\Lib\site-packages\urllib3\connectionpool.py:1110: InsecureRequestWarning: Unverified HTTPS request is being made to host 'longcui-automobile-cpi-tyrbc1k7.it-cpi010-rt.cpi.cn40.apps.platform.sapcloud.cn'. Adding certificate verification is strongly advised. See: https://urllib3.readthedocs.io/en/latest/advanced-usage.html#tls-warnings
  warnings.warn(
2026-10-06 09:33:45,634 - INFO - role=1001 skip=7000 rows=1000
C:\Users\Leo.Li\Documents\GitHub\Service-center-dashboard\.venv\Lib\site-packages\urllib3\connectionpool.py:1110: InsecureRequestWarning: Unverified HTTPS request is being made to host 'longcui-automobile-cpi-tyrbc1k7.it-cpi010-rt.cpi.cn40.apps.platform.sapcloud.cn'. Adding certificate verification is strongly advised. See: https://urllib3.readthedocs.io/en/latest/advanced-usage.html#tls-warnings
  warnings.warn(
2026-10-06 09:33:45,685 - INFO - role=1001 skip=11000 rows=1000
C:\Users\Leo.Li\Documents\GitHub\Service-center-dashboard\.venv\Lib\site-packages\urllib3\connectionpool.py:1110: InsecureRequestWarning: Unverified HTTPS request is being made to host 'longcui-automobile-cpi-tyrbc1k7.it-cpi010-rt.cpi.cn40.apps.platform.sapcloud.cn'. Adding certificate verification is strongly advised. See: https://urllib3.readthedocs.io/en/latest/advanced-usage.html#tls-warnings
  warnings.warn(
2026-10-06 09:33:46,184 - INFO - role=1001 skip=10000 rows=1000
2026-10-06 09:33:46,695 - INFO - role=1001 skip=12000 rows=1000
C:\Users\Leo.Li\Documents\GitHub\Service-center-dashboard\.venv\Lib\site-packages\urllib3\connectionpool.py:1110: InsecureRequestWarning: Unverified HTTPS request is being made to host 'longcui-automobile-cpi-tyrbc1k7.it-cpi010-rt.cpi.cn40.apps.platform.sapcloud.cn'. Adding certificate verification is strongly advised. See: https://urllib3.readthedocs.io/en/latest/advanced-usage.html#tls-warnings
  warnings.warn(
2026-10-06 09:33:48,322 - INFO - role=43 skip=13000 rows=1000
C:\Users\Leo.Li\Documents\GitHub\Service-center-dashboard\.venv\Lib\site-packages\urllib3\connectionpool.py:1110: InsecureRequestWarning: Unverified HTTPS request is being made to host 'longcui-automobile-cpi-tyrbc1k7.it-cpi010-rt.cpi.cn40.apps.platform.sapcloud.cn'. Adding certificate verification is strongly advised. See: https://urllib3.readthedocs.io/en/latest/advanced-usage.html#tls-warnings
  warnings.warn(
2026-10-06 09:33:48,560 - INFO - role=43 skip=14000 rows=1000
C:\Users\Leo.Li\Documents\GitHub\Service-center-dashboard\.venv\Lib\site-packages\urllib3\connectionpool.py:1110: InsecureRequestWarning: Unverified HTTPS request is being made to host 'longcui-automobile-cpi-tyrbc1k7.it-cpi010-rt.cpi.cn40.apps.platform.sapcloud.cn'. Adding certificate verification is strongly advised. See: https://urllib3.readthedocs.io/en/latest/advanced-usage.html#tls-warnings
  warnings.warn(
2026-10-06 09:33:49,090 - INFO - role=43 skip=16000 rows=1000
C:\Users\Leo.Li\Documents\GitHub\Service-center-dashboard\.venv\Lib\site-packages\urllib3\connectionpool.py:1110: InsecureRequestWarning: Unverified HTTPS request is being made to host 'longcui-automobile-cpi-tyrbc1k7.it-cpi010-rt.cpi.cn40.apps.platform.sapcloud.cn'. Adding certificate verification is strongly advised. See: https://urllib3.readthedocs.io/en/latest/advanced-usage.html#tls-warnings
  warnings.warn(
2026-10-06 09:33:49,252 - INFO - role=43 skip=15000 rows=1000
2026-10-06 09:33:50,056 - INFO - role=43 skip=19000 rows=1000
2026-10-06 09:33:50,183 - INFO - role=43 skip=17000 rows=1000
2026-10-06 09:33:50,478 - INFO - role=43 skip=20000 rows=1000
2026-10-06 09:33:51,021 - INFO - role=43 skip=21000 rows=1000
2026-10-06 09:33:51,102 - INFO - role=43 skip=18000 rows=1000
2026-10-06 09:33:52,332 - INFO - role=43 skip=24000 rows=1000
2026-10-06 09:33:52,803 - INFO - role=43 skip=22000 rows=1000
2026-10-06 09:33:52,995 - INFO - role=43 skip=23000 rows=1000
C:\Users\Leo.Li\Documents\GitHub\Service-center-dashboard\.venv\Lib\site-packages\urllib3\connectionpool.py:1110: InsecureRequestWarning: Unverified HTTPS request is being made to host 'longcui-automobile-cpi-tyrbc1k7.it-cpi010-rt.cpi.cn40.apps.platform.sapcloud.cn'. Adding certificate verification is strongly advised. See: https://urllib3.readthedocs.io/en/latest/advanced-usage.html#tls-warnings
  warnings.warn(
2026-10-06 09:34:06,712 - INFO - role=40 skip=13000 rows=1000
C:\Users\Leo.Li\Documents\GitHub\Service-center-dashboard\.venv\Lib\site-packages\urllib3\connectionpool.py:1110: InsecureRequestWarning: Unverified HTTPS request is being made to host 'longcui-automobile-cpi-tyrbc1k7.it-cpi010-rt.cpi.cn40.apps.platform.sapcloud.cn'. Adding certificate verification is strongly advised. See: https://urllib3.readthedocs.io/en/latest/advanced-usage.html#tls-warnings
  warnings.warn(
2026-10-06 09:34:07,266 - INFO - role=40 skip=16000 rows=1000
2026-10-06 09:34:07,491 - INFO - role=40 skip=15000 rows=1000
C:\Users\Leo.Li\Documents\GitHub\Service-center-dashboard\.venv\Lib\site-packages\urllib3\connectionpool.py:1110: InsecureRequestWarning: Unverified HTTPS request is being made to host 'longcui-automobile-cpi-tyrbc1k7.it-cpi010-rt.cpi.cn40.apps.platform.sapcloud.cn'. Adding certificate verification is strongly advised. See: https://urllib3.readthedocs.io/en/latest/advanced-usage.html#tls-warnings
  warnings.warn(
2026-10-06 09:34:07,687 - INFO - role=40 skip=14000 rows=1000
C:\Users\Leo.Li\Documents\GitHub\Service-center-dashboard\.venv\Lib\site-packages\urllib3\connectionpool.py:1110: InsecureRequestWarning: Unverified HTTPS request is being made to host 'longcui-automobile-cpi-tyrbc1k7.it-cpi010-rt.cpi.cn40.apps.platform.sapcloud.cn'. Adding certificate verification is strongly advised. See: https://urllib3.readthedocs.io/en/latest/advanced-usage.html#tls-warnings
  warnings.warn(
2026-10-06 09:34:07,880 - INFO - role=40 skip=17000 rows=1000
C:\Users\Leo.Li\Documents\GitHub\Service-center-dashboard\.venv\Lib\site-packages\urllib3\connectionpool.py:1110: InsecureRequestWarning: Unverified HTTPS request is being made to host 'longcui-automobile-cpi-tyrbc1k7.it-cpi010-rt.cpi.cn40.apps.platform.sapcloud.cn'. Adding certificate verification is strongly advised. See: https://urllib3.readthedocs.io/en/latest/advanced-usage.html#tls-warnings
  warnings.warn(
2026-10-06 09:34:08,143 - INFO - role=40 skip=18000 rows=1000
C:\Users\Leo.Li\Documents\GitHub\Service-center-dashboard\.venv\Lib\site-packages\urllib3\connectionpool.py:1110: InsecureRequestWarning: Unverified HTTPS request is being made to host 'longcui-automobile-cpi-tyrbc1k7.it-cpi010-rt.cpi.cn40.apps.platform.sapcloud.cn'. Adding certificate verification is strongly advised. See: https://urllib3.readthedocs.io/en/latest/advanced-usage.html#tls-warnings
  warnings.warn(
C:\Users\Leo.Li\Documents\GitHub\Service-center-dashboard\.venv\Lib\site-packages\urllib3\connectionpool.py:1110: InsecureRequestWarning: Unverified HTTPS request is being made to host 'longcui-automobile-cpi-tyrbc1k7.it-cpi010-rt.cpi.cn40.apps.platform.sapcloud.cn'. Adding certificate verification is strongly advised. See: https://urllib3.readthedocs.io/en/latest/advanced-usage.html#tls-warnings
  warnings.warn(
2026-10-06 09:34:08,210 - INFO - role=40 skip=20000 rows=1000
C:\Users\Leo.Li\Documents\GitHub\Service-center-dashboard\.venv\Lib\site-packages\urllib3\connectionpool.py:1110: InsecureRequestWarning: Unverified HTTPS request is being made to host 'longcui-automobile-cpi-tyrbc1k7.it-cpi010-rt.cpi.cn40.apps.platform.sapcloud.cn'. Adding certificate verification is strongly advised. See: https://urllib3.readthedocs.io/en/latest/advanced-usage.html#tls-warnings
  warnings.warn(
2026-10-06 09:34:08,618 - INFO - role=40 skip=19000 rows=1000
C:\Users\Leo.Li\Documents\GitHub\Service-center-dashboard\.venv\Lib\site-packages\urllib3\connectionpool.py:1110: InsecureRequestWarning: Unverified HTTPS request is being made to host 'longcui-automobile-cpi-tyrbc1k7.it-cpi010-rt.cpi.cn40.apps.platform.sapcloud.cn'. Adding certificate verification is strongly advised. See: https://urllib3.readthedocs.io/en/latest/advanced-usage.html#tls-warnings
  warnings.warn(
2026-10-06 09:34:08,952 - INFO - role=40 skip=21000 rows=1000
2026-10-06 09:34:09,236 - INFO - role=40 skip=23000 rows=1000
C:\Users\Leo.Li\Documents\GitHub\Service-center-dashboard\.venv\Lib\site-packages\urllib3\connectionpool.py:1110: InsecureRequestWarning: Unverified HTTPS request is being made to host 'longcui-automobile-cpi-tyrbc1k7.it-cpi010-rt.cpi.cn40.apps.platform.sapcloud.cn'. Adding certificate verification is strongly advised. See: https://urllib3.readthedocs.io/en/latest/advanced-usage.html#tls-warnings
  warnings.warn(
C:\Users\Leo.Li\Documents\GitHub\Service-center-dashboard\.venv\Lib\site-packages\urllib3\connectionpool.py:1110: InsecureRequestWarning: Unverified HTTPS request is being made to host 'longcui-automobile-cpi-tyrbc1k7.it-cpi010-rt.cpi.cn40.apps.platform.sapcloud.cn'. Adding certificate verification is strongly advised. See: https://urllib3.readthedocs.io/en/latest/advanced-usage.html#tls-warnings
  warnings.warn(
2026-10-06 09:34:09,280 - INFO - role=40 skip=22000 rows=1000
2026-10-06 09:34:11,318 - INFO - role=40 skip=24000 rows=1000
C:\Users\Leo.Li\Documents\GitHub\Service-center-dashboard\.venv\Lib\site-packages\urllib3\connectionpool.py:1110: InsecureRequestWarning: Unverified HTTPS request is being made to host 'longcui-automobile-cpi-tyrbc1k7.it-cpi010-rt.cpi.cn40.apps.platform.sapcloud.cn'. Adding certificate verification is strongly advised. See: https://urllib3.readthedocs.io/en/latest/advanced-usage.html#tls-warnings
  warnings.warn(
2026-10-06 09:34:12,416 - INFO - role=43 skip=25000 rows=1000
2026-10-06 09:34:12,644 - INFO - role=43 skip=27000 rows=943
2026-10-06 09:34:12,900 - INFO - role=43 skip=26000 rows=1000
2026-10-06 09:34:12,910 - INFO - role=43 complete, rows=27943, elapsed=102.4s
C:\Users\Leo.Li\Documents\GitHub\Service-center-dashboard\.venv\Lib\site-packages\urllib3\connectionpool.py:1110: InsecureRequestWarning: Unverified HTTPS request is being made to host 'longcui-automobile-cpi-tyrbc1k7.it-cpi010-rt.cpi.cn40.apps.platform.sapcloud.cn'. Adding certificate verification is strongly advised. See: https://urllib3.readthedocs.io/en/latest/advanced-usage.html#tls-warnings
  warnings.warn(
2026-10-06 09:34:16,147 - INFO - role=1001 skip=14000 rows=1000
2026-10-06 09:34:16,432 - INFO - role=1001 skip=13000 rows=1000
C:\Users\Leo.Li\Documents\GitHub\Service-center-dashboard\.venv\Lib\site-packages\urllib3\connectionpool.py:1110: InsecureRequestWarning: Unverified HTTPS request is being made to host 'longcui-automobile-cpi-tyrbc1k7.it-cpi010-rt.cpi.cn40.apps.platform.sapcloud.cn'. Adding certificate verification is strongly advised. See: https://urllib3.readthedocs.io/en/latest/advanced-usage.html#tls-warnings
  warnings.warn(
2026-10-06 09:34:16,804 - INFO - role=1001 skip=15000 rows=1000
C:\Users\Leo.Li\Documents\GitHub\Service-center-dashboard\.venv\Lib\site-packages\urllib3\connectionpool.py:1110: InsecureRequestWarning: Unverified HTTPS request is being made to host 'longcui-automobile-cpi-tyrbc1k7.it-cpi010-rt.cpi.cn40.apps.platform.sapcloud.cn'. Adding certificate verification is strongly advised. See: https://urllib3.readthedocs.io/en/latest/advanced-usage.html#tls-warnings
  warnings.warn(
2026-10-06 09:34:17,262 - INFO - role=1001 skip=16000 rows=1000
C:\Users\Leo.Li\Documents\GitHub\Service-center-dashboard\.venv\Lib\site-packages\urllib3\connectionpool.py:1110: InsecureRequestWarning: Unverified HTTPS request is being made to host 'longcui-automobile-cpi-tyrbc1k7.it-cpi010-rt.cpi.cn40.apps.platform.sapcloud.cn'. Adding certificate verification is strongly advised. See: https://urllib3.readthedocs.io/en/latest/advanced-usage.html#tls-warnings
  warnings.warn(
2026-10-06 09:34:18,012 - INFO - role=1001 skip=17000 rows=1000
C:\Users\Leo.Li\Documents\GitHub\Service-center-dashboard\.venv\Lib\site-packages\urllib3\connectionpool.py:1110: InsecureRequestWarning: Unverified HTTPS request is being made to host 'longcui-automobile-cpi-tyrbc1k7.it-cpi010-rt.cpi.cn40.apps.platform.sapcloud.cn'. Adding certificate verification is strongly advised. See: https://urllib3.readthedocs.io/en/latest/advanced-usage.html#tls-warnings
  warnings.warn(
C:\Users\Leo.Li\Documents\GitHub\Service-center-dashboard\.venv\Lib\site-packages\urllib3\connectionpool.py:1110: InsecureRequestWarning: Unverified HTTPS request is being made to host 'longcui-automobile-cpi-tyrbc1k7.it-cpi010-rt.cpi.cn40.apps.platform.sapcloud.cn'. Adding certificate verification is strongly advised. See: https://urllib3.readthedocs.io/en/latest/advanced-usage.html#tls-warnings
  warnings.warn(
2026-10-06 09:34:18,563 - INFO - role=1001 skip=19000 rows=1000
2026-10-06 09:34:18,583 - INFO - role=1001 skip=18000 rows=1000
C:\Users\Leo.Li\Documents\GitHub\Service-center-dashboard\.venv\Lib\site-packages\urllib3\connectionpool.py:1110: InsecureRequestWarning: Unverified HTTPS request is being made to host 'longcui-automobile-cpi-tyrbc1k7.it-cpi010-rt.cpi.cn40.apps.platform.sapcloud.cn'. Adding certificate verification is strongly advised. See: https://urllib3.readthedocs.io/en/latest/advanced-usage.html#tls-warnings
  warnings.warn(
C:\Users\Leo.Li\Documents\GitHub\Service-center-dashboard\.venv\Lib\site-packages\urllib3\connectionpool.py:1110: InsecureRequestWarning: Unverified HTTPS request is being made to host 'longcui-automobile-cpi-tyrbc1k7.it-cpi010-rt.cpi.cn40.apps.platform.sapcloud.cn'. Adding certificate verification is strongly advised. See: https://urllib3.readthedocs.io/en/latest/advanced-usage.html#tls-warnings
  warnings.warn(
2026-10-06 09:34:18,675 - INFO - role=1001 skip=22000 rows=1000
2026-10-06 09:34:18,884 - INFO - role=1001 skip=21000 rows=1000
C:\Users\Leo.Li\Documents\GitHub\Service-center-dashboard\.venv\Lib\site-packages\urllib3\connectionpool.py:1110: InsecureRequestWarning: Unverified HTTPS request is being made to host 'longcui-automobile-cpi-tyrbc1k7.it-cpi010-rt.cpi.cn40.apps.platform.sapcloud.cn'. Adding certificate verification is strongly advised. See: https://urllib3.readthedocs.io/en/latest/advanced-usage.html#tls-warnings
  warnings.warn(
2026-10-06 09:34:19,021 - INFO - role=1001 skip=20000 rows=1000
C:\Users\Leo.Li\Documents\GitHub\Service-center-dashboard\.venv\Lib\site-packages\urllib3\connectionpool.py:1110: InsecureRequestWarning: Unverified HTTPS request is being made to host 'longcui-automobile-cpi-tyrbc1k7.it-cpi010-rt.cpi.cn40.apps.platform.sapcloud.cn'. Adding certificate verification is strongly advised. See: https://urllib3.readthedocs.io/en/latest/advanced-usage.html#tls-warnings
  warnings.warn(
2026-10-06 09:34:19,517 - INFO - role=1001 skip=24000 rows=1000
C:\Users\Leo.Li\Documents\GitHub\Service-center-dashboard\.venv\Lib\site-packages\urllib3\connectionpool.py:1110: InsecureRequestWarning: Unverified HTTPS request is being made to host 'longcui-automobile-cpi-tyrbc1k7.it-cpi010-rt.cpi.cn40.apps.platform.sapcloud.cn'. Adding certificate verification is strongly advised. See: https://urllib3.readthedocs.io/en/latest/advanced-usage.html#tls-warnings
  warnings.warn(
2026-10-06 09:34:19,881 - INFO - role=1001 skip=23000 rows=1000
C:\Users\Leo.Li\Documents\GitHub\Service-center-dashboard\.venv\Lib\site-packages\urllib3\connectionpool.py:1110: InsecureRequestWarning: Unverified HTTPS request is being made to host 'longcui-automobile-cpi-tyrbc1k7.it-cpi010-rt.cpi.cn40.apps.platform.sapcloud.cn'. Adding certificate verification is strongly advised. See: https://urllib3.readthedocs.io/en/latest/advanced-usage.html#tls-warnings
  warnings.warn(
2026-10-06 09:34:36,126 - INFO - role=40 skip=25000 rows=1000
C:\Users\Leo.Li\Documents\GitHub\Service-center-dashboard\.venv\Lib\site-packages\urllib3\connectionpool.py:1110: InsecureRequestWarning: Unverified HTTPS request is being made to host 'longcui-automobile-cpi-tyrbc1k7.it-cpi010-rt.cpi.cn40.apps.platform.sapcloud.cn'. Adding certificate verification is strongly advised. See: https://urllib3.readthedocs.io/en/latest/advanced-usage.html#tls-warnings
  warnings.warn(
C:\Users\Leo.Li\Documents\GitHub\Service-center-dashboard\.venv\Lib\site-packages\urllib3\connectionpool.py:1110: InsecureRequestWarning: Unverified HTTPS request is being made to host 'longcui-automobile-cpi-tyrbc1k7.it-cpi010-rt.cpi.cn40.apps.platform.sapcloud.cn'. Adding certificate verification is strongly advised. See: https://urllib3.readthedocs.io/en/latest/advanced-usage.html#tls-warnings
  warnings.warn(
2026-10-06 09:34:36,174 - INFO - role=40 skip=27000 rows=1000
C:\Users\Leo.Li\Documents\GitHub\Service-center-dashboard\.venv\Lib\site-packages\urllib3\connectionpool.py:1110: InsecureRequestWarning: Unverified HTTPS request is being made to host 'longcui-automobile-cpi-tyrbc1k7.it-cpi010-rt.cpi.cn40.apps.platform.sapcloud.cn'. Adding certificate verification is strongly advised. See: https://urllib3.readthedocs.io/en/latest/advanced-usage.html#tls-warnings
  warnings.warn(
2026-10-06 09:34:36,526 - INFO - role=40 skip=28000 rows=1000
C:\Users\Leo.Li\Documents\GitHub\Service-center-dashboard\.venv\Lib\site-packages\urllib3\connectionpool.py:1110: InsecureRequestWarning: Unverified HTTPS request is being made to host 'longcui-automobile-cpi-tyrbc1k7.it-cpi010-rt.cpi.cn40.apps.platform.sapcloud.cn'. Adding certificate verification is strongly advised. See: https://urllib3.readthedocs.io/en/latest/advanced-usage.html#tls-warnings
  warnings.warn(
2026-10-06 09:34:36,827 - INFO - role=40 skip=26000 rows=1000
2026-10-06 09:34:36,905 - INFO - role=40 skip=30000 rows=1000
C:\Users\Leo.Li\Documents\GitHub\Service-center-dashboard\.venv\Lib\site-packages\urllib3\connectionpool.py:1110: InsecureRequestWarning: Unverified HTTPS request is being made to host 'longcui-automobile-cpi-tyrbc1k7.it-cpi010-rt.cpi.cn40.apps.platform.sapcloud.cn'. Adding certificate verification is strongly advised. See: https://urllib3.readthedocs.io/en/latest/advanced-usage.html#tls-warnings
  warnings.warn(
2026-10-06 09:34:38,358 - INFO - role=40 skip=35000 rows=1000
2026-10-06 09:34:38,370 - INFO - role=40 skip=32000 rows=1000
2026-10-06 09:34:38,534 - INFO - role=40 skip=34000 rows=1000
2026-10-06 09:34:38,593 - INFO - role=40 skip=33000 rows=1000
2026-10-06 09:34:41,372 - INFO - role=40 skip=36000 rows=1000
2026-10-06 09:34:42,036 - INFO - role=40 skip=31000 rows=1000
2026-10-06 09:34:44,050 - INFO - role=40 skip=29000 rows=1000
C:\Users\Leo.Li\Documents\GitHub\Service-center-dashboard\.venv\Lib\site-packages\urllib3\connectionpool.py:1110: InsecureRequestWarning: Unverified HTTPS request is being made to host 'longcui-automobile-cpi-tyrbc1k7.it-cpi010-rt.cpi.cn40.apps.platform.sapcloud.cn'. Adding certificate verification is strongly advised. See: https://urllib3.readthedocs.io/en/latest/advanced-usage.html#tls-warnings
  warnings.warn(
2026-10-06 09:34:48,910 - INFO - role=1001 skip=26000 rows=1000
C:\Users\Leo.Li\Documents\GitHub\Service-center-dashboard\.venv\Lib\site-packages\urllib3\connectionpool.py:1110: InsecureRequestWarning: Unverified HTTPS request is being made to host 'longcui-automobile-cpi-tyrbc1k7.it-cpi010-rt.cpi.cn40.apps.platform.sapcloud.cn'. Adding certificate verification is strongly advised. See: https://urllib3.readthedocs.io/en/latest/advanced-usage.html#tls-warnings
  warnings.warn(
2026-10-06 09:34:49,152 - INFO - role=1001 skip=25000 rows=1000
2026-10-06 09:34:49,589 - INFO - role=1001 skip=27000 rows=1000
C:\Users\Leo.Li\Documents\GitHub\Service-center-dashboard\.venv\Lib\site-packages\urllib3\connectionpool.py:1110: InsecureRequestWarning: Unverified HTTPS request is being made to host 'longcui-automobile-cpi-tyrbc1k7.it-cpi010-rt.cpi.cn40.apps.platform.sapcloud.cn'. Adding certificate verification is strongly advised. See: https://urllib3.readthedocs.io/en/latest/advanced-usage.html#tls-warnings
  warnings.warn(
2026-10-06 09:34:50,210 - INFO - role=1001 skip=31000 rows=1000
C:\Users\Leo.Li\Documents\GitHub\Service-center-dashboard\.venv\Lib\site-packages\urllib3\connectionpool.py:1110: InsecureRequestWarning: Unverified HTTPS request is being made to host 'longcui-automobile-cpi-tyrbc1k7.it-cpi010-rt.cpi.cn40.apps.platform.sapcloud.cn'. Adding certificate verification is strongly advised. See: https://urllib3.readthedocs.io/en/latest/advanced-usage.html#tls-warnings
  warnings.warn(
2026-10-06 09:34:50,498 - INFO - role=1001 skip=28000 rows=1000
2026-10-06 09:34:50,642 - INFO - role=1001 skip=29000 rows=1000
2026-10-06 09:34:50,968 - INFO - role=1001 skip=34000 rows=1000
2026-10-06 09:34:51,043 - INFO - role=1001 skip=33000 rows=1000
2026-10-06 09:34:51,197 - INFO - role=1001 skip=30000 rows=1000
2026-10-06 09:34:51,341 - INFO - role=1001 skip=32000 rows=1000
2026-10-06 09:34:52,070 - INFO - role=1001 skip=36000 rows=1000
2026-10-06 09:34:52,770 - INFO - role=1001 skip=35000 rows=1000
2026-10-06 09:35:04,988 - INFO - role=40 skip=41000 rows=200
2026-10-06 09:35:05,177 - INFO - role=40 skip=39000 rows=1000
2026-10-06 09:35:05,250 - INFO - role=40 skip=38000 rows=1000
2026-10-06 09:35:05,739 - INFO - role=40 skip=37000 rows=1000
2026-10-06 09:35:06,147 - INFO - role=40 skip=40000 rows=1000
2026-10-06 09:35:06,156 - INFO - role=40 complete, rows=41200, elapsed=155.6s
2026-10-06 09:35:21,624 - INFO - role=1001 skip=38000 rows=1000
2026-10-06 09:35:21,971 - INFO - role=1001 skip=40000 rows=39
2026-10-06 09:35:22,378 - INFO - role=1001 skip=39000 rows=1000
2026-10-06 09:35:25,097 - INFO - role=1001 skip=37000 rows=1000
2026-10-06 09:35:25,107 - INFO - role=1001 complete, rows=40039, elapsed=174.6s
2026-10-06 09:35:31,029 - INFO - Excel created: C:\Users\Leo.Li\Documents\GitHub\Service-center-dashboard\c4c_ticket_table_z007_z010_with_invoice_layout_checked.xlsx (4269 ticket rows)
2026-10-06 09:35:31,029 - INFO - Done. Ticket rows=4269 not_assigned=36 elapsed=180.5s

[Tue 06/10/2026  9:35:31.33] Enriching invoice data from SAP HANA 
Workbook written: C:\Users\Leo.Li\Documents\GitHub\Service-center-dashboard\c4c_ticket_table_z007_z010_checked_hana_final.xlsx
Invoice rows matched: 964

[Tue 06/10/2026  9:35:41.76] Refreshing lastchangedtime from C4C status history 
[RUN] Fetching status history for 4305 tickets (scope=all)...
[INFO] History progress: 100/4305
[INFO] History progress: 200/4305
[INFO] History progress: 300/4305
[INFO] History progress: 400/4305
[INFO] History progress: 500/4305
[INFO] History progress: 600/4305
[INFO] History progress: 700/4305
[INFO] History progress: 800/4305
[INFO] History progress: 900/4305
[INFO] History progress: 1000/4305
[INFO] History progress: 1100/4305
[INFO] History progress: 1200/4305
[INFO] History progress: 1300/4305
[INFO] History progress: 1400/4305
[INFO] History progress: 1500/4305
[INFO] History progress: 1600/4305
[INFO] History progress: 1700/4305
[INFO] History progress: 1800/4305
[INFO] History progress: 1900/4305
[INFO] History progress: 2000/4305
[INFO] History progress: 2100/4305
[INFO] History progress: 2200/4305
[INFO] History progress: 2300/4305
[INFO] History progress: 2400/4305
[INFO] History progress: 2500/4305
[INFO] History progress: 2600/4305
[INFO] History progress: 2700/4305
[INFO] History progress: 2800/4305
[INFO] History progress: 2900/4305
[INFO] History progress: 3000/4305
[INFO] History progress: 3100/4305
[INFO] History progress: 3200/4305
[INFO] History progress: 3300/4305
[INFO] History progress: 3400/4305
[INFO] History progress: 3500/4305
[INFO] History progress: 3600/4305
[INFO] History progress: 3700/4305
[INFO] History progress: 3800/4305
[INFO] History progress: 3900/4305
[INFO] History progress: 4000/4305
[INFO] History progress: 4100/4305
[INFO] History progress: 4200/4305
[INFO] History progress: 4300/4305
[INFO] History progress: 4305/4305
[OK] History complete in 668.6s; populated=3482, blank=823, failures=0
[OK] Workbook updated: C:\Users\Leo.Li\Documents\GitHub\Service-center-dashboard\c4c_ticket_table_z007_z010_checked_hana_final.xlsx (sheets=2, updatedCells=3482)

[Tue 06/10/2026  9:46:54.92] Rebuilding dashboard-data.js 
Dashboard data written: C:\Users\Leo.Li\Documents\GitHub\Service-center-dashboard\dashboard-data.js
[OK] Refreshed dashboard-data.js cache version
[OK] Synced website files to dist
